20:44:06 **** Incremental Build of configuration Debug for project 01-gpio-blink ****
make -j20 all 
arm-none-eabi-gcc "../Src/main.c" -mcpu=cortex-m4 -std=gnu11 -g3 -DDEBUG -DSTM32 -DSTM32F4 -DSTM32F407VGTx -c -I../Inc -O0 -ffunction-sections -fdata-sections -Wall -fstack-usage -fcyclomatic-complexity -MMD -MP -MF"Src/main.d" -MT"Src/main.o" --specs=nano.specs -mfpu=fpv4-sp-d16 -mfloat-abi=hard -mthumb -o "Src/main.o"
arm-none-eabi-gcc -o "01-gpio-blink.elf" @"objects.list"   -mcpu=cortex-m4 -T"C:\Users\Asus\Desktop\STM32_embedded_journey\01-gpio-blink\STM32F407VGTX_FLASH.ld" --specs=nosys.specs -Wl,-Map="01-gpio-blink.map" -Wl,--gc-sections -static --specs=nano.specs -mfpu=fpv4-sp-d16 -mfloat-abi=hard -mthumb -Wl,--start-group -lc -lm -Wl,--end-group
Finished building target: 01-gpio-blink.elf
 
arm-none-eabi-size  01-gpio-blink.elf 
arm-none-eabi-objdump -h -S 01-gpio-blink.elf  > "01-gpio-blink.list"
   text	   data	    bss	    dec	    hex	filename
    832	      0	   1568	   2400	    960	01-gpio-blink.elf
Finished building: default.size.stdout
 
Finished building: 01-gpio-blink.list
 

20:44:06 Build Finished. 0 errors, 0 warnings. (took 516ms)

