16:14:32 **** Incremental Build of configuration Debug for project 02_button_polling ****
make -j20 all 
arm-none-eabi-gcc "../Src/main.c" -mcpu=cortex-m4 -std=gnu11 -g3 -DDEBUG -DSTM32 -DSTM32F4 -DSTM32F407VGTx -c -I../Inc -O0 -ffunction-sections -fdata-sections -Wall -fstack-usage -fcyclomatic-complexity -MMD -MP -MF"Src/main.d" -MT"Src/main.o" --specs=nano.specs -mfpu=fpv4-sp-d16 -mfloat-abi=hard -mthumb -o "Src/main.o"
arm-none-eabi-gcc -o "02_button_polling.elf" @"objects.list"   -mcpu=cortex-m4 -T"C:\Users\Asus\Desktop\STM32_embedded_journey\02_button_polling\STM32F407VGTX_FLASH.ld" --specs=nosys.specs -Wl,-Map="02_button_polling.map" -Wl,--gc-sections -static --specs=nano.specs -mfpu=fpv4-sp-d16 -mfloat-abi=hard -mthumb -Wl,--start-group -lc -lm -Wl,--end-group
Finished building target: 02_button_polling.elf
 
arm-none-eabi-size  02_button_polling.elf 
arm-none-eabi-objdump -h -S 02_button_polling.elf  > "02_button_polling.list"
   text	   data	    bss	    dec	    hex	filename
    836	      0	   1568	   2404	    964	02_button_polling.elf
Finished building: default.size.stdout
 
Finished building: 02_button_polling.list
 

16:14:33 Build Finished. 0 errors, 0 warnings. (took 550ms)

