07:41:47 **** Incremental Build of configuration Debug for project 03_button_interrupt ****
make -j20 all 
arm-none-eabi-gcc "../Src/main.c" -mcpu=cortex-m4 -std=gnu11 -g3 -DDEBUG -DSTM32 -DSTM32F4 -DSTM32F407VGTx -c -I../Inc -O0 -ffunction-sections -fdata-sections -Wall -fstack-usage -fcyclomatic-complexity -MMD -MP -MF"Src/main.d" -MT"Src/main.o" --specs=nano.specs -mfpu=fpv4-sp-d16 -mfloat-abi=hard -mthumb -o "Src/main.o"
arm-none-eabi-gcc -o "03_button_interrupt.elf" @"objects.list"   -mcpu=cortex-m4 -T"C:\Users\Asus\Desktop\STM32_embedded_journey\03_button_interrupt\STM32F407VGTX_FLASH.ld" --specs=nosys.specs -Wl,-Map="03_button_interrupt.map" -Wl,--gc-sections -static --specs=nano.specs -mfpu=fpv4-sp-d16 -mfloat-abi=hard -mthumb -Wl,--start-group -lc -lm -Wl,--end-group
Finished building target: 03_button_interrupt.elf
 
arm-none-eabi-size  03_button_interrupt.elf 
arm-none-eabi-objdump -h -S 03_button_interrupt.elf  > "03_button_interrupt.list"
   text	   data	    bss	    dec	    hex	filename
    904	      0	   1568	   2472	    9a8	03_button_interrupt.elf
Finished building: default.size.stdout
 
Finished building: 03_button_interrupt.list
 

07:41:47 Build Finished. 0 errors, 0 warnings. (took 511ms)

